[ using 641392 bytes of bsd ELF symbol table ]
consinit: not using prom console
Copyright (c) 1982, 1986, 1989, 1991, 1993
	The Regents of the University of California.  All rights reserved.
Copyright (c) 1995-2012 OpenBSD. All rights reserved.  http://www.OpenBSD.org

OpenBSD 5.2-current (URTWN) #0: Mon Aug  6 20:10:08 CEST 2012
    janjaap@alf:/forest/trees/src/sys/arch/alpha/compile/URTWN
Digital AlphaPC 164SX 533 MHz
8192 byte page size, 1 processor.
real mem = 536870912 (512MB)
rsvd mem = 1966080 (1MB)
avail mem = 517292032 (493MB)
mainbus0 at root
cpu0 at mainbus0: ID 0 (primary), PCA56-2 (unknown minor type 2)
cpu0: architecture extensions: 1<BWX>
cia0 at mainbus0: DECchip 2117x Core Logic Chipset (Pyxis), pass 1
cia0: extended capabilities: 1<BWEN>
cia0: using BWX for PCI config and bus access
pci0 at cia0 bus 0
vga0 at pci0 dev 6 function 0 "Matrox MGA G200 PCI" rev 0x01
wsdisplay0 at vga0 mux 1: console (80x25, vt100 emulation)
wsdisplay0: screen 1-5 added (80x25, vt100 emulation)
uhci0 at pci0 dev 7 function 0 "VIA VT83C572 USB" rev 0x61: eb164 irq 10
uhci1 at pci0 dev 7 function 1 "VIA VT83C572 USB" rev 0x61: eb164 irq 14
ehci0 at pci0 dev 7 function 2 "VIA VT6202 USB" rev 0x63: eb164 irq 18
usb0 at ehci0: USB revision 2.0
uhub0 at usb0 "VIA EHCI root hub" rev 2.00/1.00 addr 1
sio0 at pci0 dev 8 function 0 "Contaq Microsystems CY82C693U ISA" rev 0x00
pciide0 at pci0 dev 8 function 1 "Contaq Microsystems CY82C693U ISA" rev 0x00: DMA, channel 0 wired to compatibility
pciide0: channel 0 disabled (no drives)
pciide1 at pci0 dev 8 function 2 "Contaq Microsystems CY82C693U ISA" rev 0x00: no DMA, channel 0 wired to compatibility
wd0 at pciide1 channel 0 drive 0: <Maxtor 6Y160P0>
wd0: 16-sector PIO, LBA48, 156334MB, 320173056 sectors
wd1 at pciide1 channel 0 drive 1: <WDC WD800JB-00JJA0>
wd1: 16-sector PIO, LBA, 76319MB, 156301488 sectors
wd0(pciide1:0:0): using PIO mode 4
wd1(pciide1:0:1): using PIO mode 4
ohci0 at pci0 dev 8 function 3 "Contaq Microsystems CY82C693U ISA" rev 0x00: couldn't map interrupt
em0 at pci0 dev 9 function 0 "Intel PRO/1000MT (82541GI)" rev 0x00: eb164 irq 8, address 00:0e:0c:51:3d:a0
usb1 at uhci0: USB revision 1.0
uhub1 at usb1 "VIA UHCI root hub" rev 1.00/1.00 addr 1
usb2 at uhci1: USB revision 1.0
uhub2 at usb2 "VIA UHCI root hub" rev 1.00/1.00 addr 1
isa0 at sio0
isadma0 at isa0
com0 at isa0 port 0x3f8/8 irq 4: ns16550a, 16 byte fifo
com1 at isa0 port 0x2f8/8 irq 3: ns16550a, 16 byte fifo
pckbc0 at isa0 port 0x60/5
pckbd0 at pckbc0 (kbd slot)
pckbc0: using irq 1 for kbd slot
wskbd0 at pckbd0: console keyboard, using wsdisplay0
pcppi0 at isa0 port 0x61
spkr0 at pcppi0
lpt0 at isa0 port 0x3bc/4 irq 7
fdc0 at isa0 port 0x3f0/6 irq 6 drq 2
isapnp0 at isa0 port 0x279: read port 0x203
ep0 at isapnp0 "3Com 3C509B EtherLink III, TCM5095, PNP80F7, " port 0x210/16 irq 5: address 00:10:5a:da:70:fa, utp (default utp)
mcclock0 at isa0 port 0x70/2: mc146818 or compatible
stray isa irq 3
stray isa irq 4
uhidev0 at uhub1 port 2 configuration 1 interface 0 "Logitech USB Optical Mouse" rev 2.00/53.00 addr 2
uhidev0: iclass 3/1
ums0 at uhidev0: 3 buttons, Z dir
wsmouse0 at ums0 mux 0
vscsi0 at root
scsibus0 at vscsi0: 256 targets
softraid0 at root
scsibus1 at softraid0: 256 targets
root on wd0a (be6f844236dac141.a) swap on wd0b dump on wd0b
stray isa irq 4
stray isa irq 3
wsdisplay0: screen 8 added (80x25, vt100 emulation)
wsdisplay0: screen 9 added (80x25, vt100 emulation)
wsdisplay0: screen 4 deleted
wsdisplay0: screen 5 deleted
wsdisplay0: screen 4 added (80x40, vt100 emulation)
wsdisplay0: screen 5 added (80x40, vt100 emulation)
wsdisplay0: screen 6 added (80x40, vt100 emulation)
wsdisplay0: screen 7 added (80x40, vt100 emulation)
wsdisplay0: screen 10 added (80x50, vt100 emulation)
wsdisplay0: screen 11 added (80x50, vt100 emulation)
stray isa irq 4
wsmouse0 detached
ums0 detached
uhidev0 detached
uhidev0 at uhub1 port 2 configuration 1 interface 0 "Logitech USB Optical Mouse" rev 2.00/53.00 addr 2
uhidev0: iclass 3/1
ums0 at uhidev0: 3 buttons, Z dir
wsmouse0 at ums0 mux 0
